---
source: tests/element.rs
assertion_line: 44
expression: dom
---
{
  "treeType": "documentFragment",
  "children": [
    {
      "name": "chart-data",
      "variant": "void"
    }
  ]
}
