---
source: tests/element_attributes.rs
assertion_line: 29
expression: dom
---
{
  "treeType": "documentFragment",
  "children": [
    {
      "name": "div",
      "variant": "void",
      "attributes": {
        "data-cat": null
      }
    }
  ]
}
