---
source: tests/output.rs
assertion_line: 56
expression: dom_dom
---
<html lang='de'>
	<head>
		<title>Hier ist ein Titel</title>
	</head>
	<body>
		<h1>Hello World!</h1>
		<!-- Don't take the next sentence too serious -->
		<p>
			
			Deutschland ist definitiv wesentlich besser als Schweden in Eishockey.
		
		</p>
		<!-- Testing long attributes -->
		<div
			long_attribute='Hallo Welt'
			other_long_attribute='Es ist wirklich schÃ¶n'
		/>
		<!-- Testing quotes -->
		<div
			cat='she says: \'mjau mjau\''
			horse='horse says:"pffff"'
		/>
	
	</body>
</html>
